
> besmak-india@0.1.0 build
> next build

  Γû▓ Next.js 14.2.35
  - Environments: .env

   Creating an optimized production build ...
 Γ£ô (pwa) Compiling for server...
 Γ£ô (pwa) Compiling for server...
 Γ£ô (pwa) Compiling for client (static)...
 Γùï (pwa) Service worker: C:\Users\Dell\Documents\GitHub\Office\Besmak-india-live\public\sw.js
 Γùï (pwa)   URL: /sw.js
 Γùï (pwa)   Scope: /
 Γ£ô Compiled successfully
   Linting and checking validity of types ...
   Collecting page data ...
node.exe : unhandledRejection 
Error [PageNotFoundError]: Cannot 
find module for page: /_document
At C:\Program 
Files\nodejs\npm.ps1:29 char:3
+   & $NODE_EXE $NPM_CLI_JS $args
+   ~~~~~~~~~~~~~~~~~~~~~~~~~~~~~
    + CategoryInfo          : Not 
   Specified: (unhandledReject..  
  .age: /_document:String) [],    
 RemoteException
    + FullyQualifiedErrorId : Nat 
   iveCommandError
 
    at getPagePath (C:\Users\Dell\
Documents\GitHub\Office\Besmak-ind
ia-live\node_modules\next\dist\ser
ver\require.js:94:15)
    at requirePage (C:\Users\Dell\
Documents\GitHub\Office\Besmak-ind
ia-live\node_modules\next\dist\ser
ver\require.js:99:22)
    at C:\Users\Dell\Documents\Git
Hub\Office\Besmak-india-live\node_
modules\next\dist\server\load-comp
onents.js:72:65
    at 
process.processTicksAndRejections 
(node:internal/process/task_queues
:105:5)
    at async Promise.all (index 0)
    at async loadComponentsImpl (C
:\Users\Dell\Documents\GitHub\Offi
ce\Besmak-india-live\node_modules\
next\dist\server\load-components.j
s:71:33)
    at async 
Object.getDefinedNamedExports (C:\
Users\Dell\Documents\GitHub\Office
\Besmak-india-live\node_modules\ne
xt\dist\build\utils.js:1291:24) {
  type: 'PageNotFoundError',
  code: 'ENOENT'
}
