
> besmak-india@0.1.0 build
> next build

  Γû▓ Next.js 14.2.35
  - Environments: .env

   Creating an optimized production build ...
 Γ£ô (pwa) Compiling for server...
 Γ£ô (pwa) Compiling for server...
 Γ£ô (pwa) Compiling for client (static)...
 Γùï (pwa) Service worker: C:\Users\Dell\Documents\GitHub\Office\Besmak-india-live\public\sw.js
 Γùï (pwa)   URL: /sw.js
 Γùï (pwa)   Scope: /
 Γ£ô Compiled successfully
   Linting and checking validity of types ...
node.exe : Failed to compile.
At C:\Program 
Files\nodejs\npm.ps1:29 char:3
+   & $NODE_EXE $NPM_CLI_JS $args
+   ~~~~~~~~~~~~~~~~~~~~~~~~~~~~~
    + CategoryInfo          : NotSpe 
   cified: (Failed to compile.:Stri  
  ng) [], RemoteException
    + FullyQualifiedErrorId : Native 
   CommandError
 

./src/components/layout/Header.tsx:34
5:35
Type error: Type 'string | 
undefined' is not assignable to type 
'string | StaticImport'.
  Type 'undefined' is not assignable 
to type 'string | StaticImport'.

[0m [90m 343 |[39m                
               [33m>[39m[0m
[0m [90m 344 |[39m                
                 
[33m<[39m[33mImage[39m[0m
[0m[31m[1m>[22m[39m[90m 345 
|[39m                               
    src[33m=[39m{hoverImage 
[33m||[39m 
activeMenu[33m.[39mimage}[0m
[0m [90m     |[39m                
                   
[31m[1m^[22m[39m[0m
[0m [90m 346 |[39m                
                   alt[33m=[39m{act
iveMenu[33m.[39mtitle}[0m
[0m [90m 347 |[39m                
                   fill[0m
[0m [90m 348 |[39m                
                   className[33m=[3
9m[32m"object-cover 
transition-transform duration-700 gro
up-hover/featured:scale-110"[39m[0m
Next.js build worker exited with 
code: 1 and signal: null
